// Jest Snapshot v1, https://goo.gl/fbAQLP

exports[`Requirement Status Container renders 1`] = `ShallowWrapper {}`;

exports[`Requirement Status Container renders with children 1`] = `ReactWrapper {}`;
