// Jest Snapshot v1, https://goo.gl/fbAQLP

exports[`Homepage renders 1`] = `ShallowWrapper {}`;

exports[`Homepage renders with children 1`] = `ReactWrapper {}`;
