// Jest Snapshot v1, https://goo.gl/fbAQLP

exports[`Landing Page renders 1`] = `ShallowWrapper {}`;

exports[`Landing Page renders with children 1`] = `ReactWrapper {}`;
