// Jest Snapshot v1, https://goo.gl/fbAQLP

exports[`Page Not Found renders 1`] = `ShallowWrapper {}`;
