// Jest Snapshot v1, https://goo.gl/fbAQLP

exports[`Hierarchy renders 1`] = `ShallowWrapper {}`;
