// Jest Snapshot v1, https://goo.gl/fbAQLP

exports[`Logout Button renders 1`] = `ShallowWrapper {}`;
