// Jest Snapshot v1, https://goo.gl/fbAQLP

exports[`Nav Bar renders 1`] = `ShallowWrapper {}`;
