// Jest Snapshot v1, https://goo.gl/fbAQLP

exports[`Document panel renders 1`] = `ShallowWrapper {}`;
