// Jest Snapshot v1, https://goo.gl/fbAQLP

exports[`LeftContainer renders 1`] = `ShallowWrapper {}`;

exports[`LeftContainer renders with children 1`] = `ReactWrapper {}`;
