// Jest Snapshot v1, https://goo.gl/fbAQLP

exports[`Login Button renders 1`] = `ShallowWrapper {}`;
