// Jest Snapshot v1, https://goo.gl/fbAQLP

exports[`Nav Bar calls navBar function to Editor 1`] = `ReactWrapper {}`;

exports[`Nav Bar calls navBar function to Home 1`] = `ReactWrapper {}`;

exports[`Nav Bar renders 1`] = `ShallowWrapper {}`;
