// Jest Snapshot v1, https://goo.gl/fbAQLP

exports[`NotificationCard renders 1`] = `ShallowWrapper {}`;

exports[`NotificationCard renders with children 1`] = `ReactWrapper {}`;
