// Jest Snapshot v1, https://goo.gl/fbAQLP

exports[`RecentDocCard renders 1`] = `ShallowWrapper {}`;

exports[`RecentDocCard renders with children 1`] = `ReactWrapper {}`;
