// Jest Snapshot v1, https://goo.gl/fbAQLP

exports[`commit document modal component renders 1`] = `ShallowWrapper {}`;

exports[`commit document modal component renders with children 1`] = `ReactWrapper {}`;
