// Jest Snapshot v1, https://goo.gl/fbAQLP

exports[`modal component base renders 1`] = `ShallowWrapper {}`;

exports[`modal component base renders with children 1`] = `ReactWrapper {}`;
