// Jest Snapshot v1, https://goo.gl/fbAQLP

exports[`Add Document modal component renders 1`] = `ShallowWrapper {}`;

exports[`Add Document modal component renders with children 1`] = `ReactWrapper {}`;
