// Jest Snapshot v1, https://goo.gl/fbAQLP

exports[`invite user modal component renders 1`] = `ShallowWrapper {}`;

exports[`invite user modal component renders with children 1`] = `ReactWrapper {}`;
