// Jest Snapshot v1, https://goo.gl/fbAQLP

exports[`Editor renders 1`] = `ShallowWrapper {}`;
